// Jest Snapshot v1, https://goo.gl/fbAQLP

exports[`"create" works: filesList 1`] = `
Array [
  Dirent {
    "name": "build",
    Symbol(type): 2,
  },
  Dirent {
    "name": "functions",
    Symbol(type): 2,
  },
  Dirent {
    "name": "index.ts",
    Symbol(type): 1,
  },
  Dirent {
    "name": "native",
    Symbol(type): 2,
  },
  Dirent {
    "name": "tsconfig.json",
    Symbol(type): 1,
  },
]
`;

exports[`"create" works: finalBuild 1`] = `
Object {
  "data": Array [
    10,
    32,
    32,
    32,
    32,
    47,
    47,
    61,
    61,
    61,
    61,
    61,
    61,
    61,
    61,
    61,
    61,
    61,
    61,
    61,
    61,
    61,
    61,
    61,
    61,
    61,
    61,
    61,
    61,
    61,
    61,
    61,
    61,
    61,
    61,
    61,
    61,
    61,
    61,
    61,
    61,
    61,
    61,
    61,
    61,
    61,
    61,
    61,
    61,
    61,
    61,
    61,
    61,
    61,
    61,
    61,
    61,
    61,
    61,
    61,
    61,
    61,
    10,
    32,
    32,
    32,
    32,
    110,
    97,
    116,
    105,
    118,
    101,
    70,
    117,
    110,
    99,
    116,
    105,
    111,
    110,
    115,
    32,
    10,
    32,
    10,
    10,
    32,
    32,
    32,
    32,
    47,
    47,
    61,
    61,
    61,
    61,
    61,
    61,
    61,
    61,
    61,
    61,
    61,
    61,
    61,
    61,
    61,
    61,
    61,
    61,
    61,
    61,
    61,
    61,
    61,
    61,
    61,
    61,
    61,
    61,
    61,
    61,
    61,
    61,
    61,
    61,
    61,
    61,
    61,
    61,
    61,
    61,
    61,
    61,
    61,
    61,
    61,
    61,
    61,
    61,
    61,
    61,
    61,
    61,
    61,
    61,
    61,
    10,
    32,
    32,
    32,
    32,
    10,
    32,
    32,
    32,
    32,
    47,
    47,
    61,
    61,
    61,
    61,
    61,
    61,
    61,
    61,
    61,
    61,
    61,
    61,
    61,
    61,
    61,
    61,
    61,
    61,
    61,
    61,
    61,
    61,
    61,
    61,
    61,
    61,
    61,
    61,
    61,
    61,
    61,
    61,
    61,
    61,
    61,
    61,
    61,
    61,
    61,
    61,
    61,
    61,
    61,
    61,
    61,
    61,
    61,
    61,
    61,
    61,
    61,
    61,
    61,
    61,
    61,
    10,
    32,
    32,
    32,
    32,
    32,
    10,
    32,
    10,
  ],
  "type": "Buffer",
}
`;
